192.168.1.1	Apr 17 13:12:29	1	local7	notice		2023-04-17T13:13:32+03:00 Abura1930 SYSLOG - NEWSYSLOGSERVER - IP Origin: <192.168.1.1>,configure new syslog server 192.168.1.3  
192.168.1.1	Apr 17 13:15:43	1	local7	notice		2023-04-17T13:17:15+03:00 Abura1930 SYSLOG - NOSYSLOGSERVER - IP Origin: <192.168.1.1>,delete syslog server 192.168.1.3  
192.168.1.1	Apr 17 13:15:43	1	local7	notice		2023-04-17T13:17:15+03:00 Abura1930 SYSLOG - NEWSYSLOGSERVER - IP Origin: <192.168.1.1>,configure new syslog server 192.168.1.3  
192.168.1.1	Apr 17 13:27:36	1	local7	info		2023-04-17T13:29:08+03:00 Abura1930 AAA - DISCONNECT - IP Origin: <192.168.1.1>,http connection for user admin, source 192.168.1.3 destination 192.168.1.1 TERMINATED  
192.168.1.1	Apr 17 13:30:41	1	local7	info		2023-04-17T13:32:13+03:00 Abura1930 AAA - CONNECT - IP Origin: <192.168.1.1>,New http connection for user admin, source 192.168.1.3 destination 192.168.1.1 ACCEPTED  
192.168.1.1	Apr 17 13:30:59	1	local7	notice		2023-04-17T13:32:31+03:00 Abura1930 SYSLOG - NOSYSLOGSERVER - IP Origin: <192.168.1.1>,delete syslog server 192.168.1.3  
192.168.1.1	Apr 17 14:30:01	1	local7	notice		2023-04-17T14:31:32+03:00 Abura1930 SYSLOG - NEWSYSLOGSERVER - IP Origin: <192.168.1.1>,configure new syslog server 192.168.1.3  
192.168.1.1	Apr 17 14:32:05	1	local7	info		2023-04-17T14:33:36+03:00 Abura1930 COPY - FILECPY - IP Origin: <192.168.1.1>,Files Copy - source URL flash://system/images/_InstantOn_1930_1.0.7.0_141.swi destination URL tftp://192.168.1.3/aruba  
192.168.1.1	Apr 17 14:32:52	1	local7	notice		2023-04-17T14:34:24+03:00 Abura1930 COPY - TRAP - IP Origin: <192.168.1.1>,The copy operation was completed successfully  
192.168.1.1	Apr 17 14:33:59	1	local7	notice		2023-04-17T14:35:30+03:00 Abura1930 SYSLOG - NOSYSLOGSERVER - IP Origin: <192.168.1.1>,delete syslog server 192.168.1.3  
192.168.1.1	Apr 17 15:29:05	1	local7	notice		2023-04-17T15:30:36+03:00 Abura1930 SYSLOG - NEWSYSLOGSERVER - IP Origin: <192.168.1.1>,configure new syslog server 192.168.1.3  
192.168.1.1	Apr 17 15:39:17	1	local7	info		2023-04-17T15:40:48+03:00 Abura1930 AAA - DISCONNECT - IP Origin: <192.168.1.1>,https connection for user admin, source 192.168.1.3 destination 192.168.1.1 TERMINATED  
192.168.1.1	Apr 20 14:38:43	1	local7	warning		2021-10-07T01:40:00Z 0.0.0.0 BRG_FWD - PORT_LOCK - Port Lock action on Mac Table has started    
192.168.1.1	Apr 20 14:38:43	1	local7	warning		2021-10-07T01:40:00Z 0.0.0.0 BRG_FWD - PORT_LOCK - Port Lock action on Mac Table has ended    
